// Jest Snapshot v1, https://goo.gl/fbAQLP

exports[`Posts matches a snapshot 1`] = `
Array [
  <div
    className="MuiInputBase-root-16 MuiInput-root-3 MuiInput-underline-7"
    onClick={[Function]}
  >
    <input
      aria-label="Description"
      className="MuiInputBase-input-26 MuiInput-input-11"
      defaultValue="Search"
      name="term"
      onBlur={[Function]}
      onChange={[Function]}
      onFocus={[Function]}
      type="text"
    />
  </div>,
  <ul>
    <li>
      <a
        className="link"
        href="/posts/undefined"
        onClick={[Function]}
      >
        <h3>
          title
        </h3>
      </a>
      <p>
        body
      </p>
    </li>
  </ul>,
]
`;
